services/worker/src/vertex.ts(17,5): error TS2820: Type '"object"' is not assignable to type 'SchemaType | undefined'. Did you mean 'SchemaType.OBJECT'?
services/worker/src/vertex.ts(19,20): error TS2820: Type '"string"' is not assignable to type 'SchemaType | undefined'. Did you mean 'SchemaType.STRING'?
services/worker/src/vertex.ts(21,13): error TS2820: Type '"array"' is not assignable to type 'SchemaType | undefined'. Did you mean 'SchemaType.ARRAY'?
services/worker/src/vertex.ts(23,17): error TS2820: Type '"object"' is not assignable to type 'SchemaType | undefined'. Did you mean 'SchemaType.OBJECT'?
services/worker/src/vertex.ts(25,32): error TS2820: Type '"string"' is not assignable to type 'SchemaType | undefined'. Did you mean 'SchemaType.STRING'?
services/worker/src/vertex.ts(26,39): error TS2820: Type '"string"' is not assignable to type 'SchemaType | undefined'. Did you mean 'SchemaType.STRING'?
services/worker/src/vertex.ts(27,34): error TS2820: Type '"string"' is not assignable to type 'SchemaType | undefined'. Did you mean 'SchemaType.STRING'?
services/worker/src/vertex.ts(28,30): error TS2820: Type '"string"' is not assignable to type 'SchemaType | undefined'. Did you mean 'SchemaType.STRING'?
services/worker/src/vertex.ts(29,32): error TS2820: Type '"string"' is not assignable to type 'SchemaType | undefined'. Did you mean 'SchemaType.STRING'?
services/worker/src/vertex.ts(30,29): error TS2820: Type '"string"' is not assignable to type 'SchemaType | undefined'. Did you mean 'SchemaType.STRING'?
services/worker/src/vertex.ts(31,29): error TS2820: Type '"array"' is not assignable to type 'SchemaType | undefined'. Did you mean 'SchemaType.ARRAY'?
services/worker/src/vertex.ts(31,53): error TS2820: Type '"string"' is not assignable to type 'SchemaType | undefined'. Did you mean 'SchemaType.STRING'?
services/worker/src/vertex.ts(32,33): error TS2820: Type '"boolean"' is not assignable to type 'SchemaType | undefined'. Did you mean 'SchemaType.BOOLEAN'?
services/worker/src/vertex.ts(37,26): error TS2820: Type '"array"' is not assignable to type 'SchemaType | undefined'. Did you mean 'SchemaType.ARRAY'?
services/worker/src/vertex.ts(38,28): error TS2820: Type '"array"' is not assignable to type 'SchemaType | undefined'. Did you mean 'SchemaType.ARRAY'?
services/worker/src/vertex.ts(39,28): error TS2820: Type '"array"' is not assignable to type 'SchemaType | undefined'. Did you mean 'SchemaType.ARRAY'?
services/worker/src/vertex.ts(40,19): error TS2820: Type '"array"' is not assignable to type 'SchemaType | undefined'. Did you mean 'SchemaType.ARRAY'?
services/worker/src/vertex.ts(40,43): error TS2820: Type '"string"' is not assignable to type 'SchemaType | undefined'. Did you mean 'SchemaType.STRING'?
services/worker/src/vertex.ts(41,22): error TS2820: Type '"string"' is not assignable to type 'SchemaType | undefined'. Did you mean 'SchemaType.STRING'?
